[2026-05-11T12:55:12.928Z] GET    200     1ms /health
[2026-05-11T12:55:33.891Z] GET    200     5ms /api/v1/musicians
[2026-05-11T12:55:33.913Z] GET    200     4ms /api/v1/instruments
[2026-05-11T12:55:49.796Z] GET    200     4ms /api/v1/musicians
[2026-05-11T12:55:49.816Z] GET    200     4ms /api/v1/instruments
[2026-05-11T12:56:02.708Z] GET    200     5ms /api/v1/musicians
[2026-05-11T12:56:02.728Z] GET    200     3ms /api/v1/instruments
[2026-05-11T12:56:18.292Z] GET    200     4ms /api/v1/musicians?page=2&limit=5
[2026-05-11T12:56:36.970Z] GET    200     6ms /api/v1/musicians?section=Strings
[2026-05-11T12:56:36.990Z] GET    200     4ms /api/v1/instruments?owner_type=Rent
[2026-05-11T12:56:56.554Z] GET    200    10ms /api/v1/musicians/stats
[2026-05-11T12:57:19.498Z] GET    200     7ms /api/v1/instruments/inventory
[2026-05-11T12:57:29.419Z] ERROR | STATUS: 404 | CODE: N/a | IP: ::1 | Sidan /banana hittades inte.
STACK: Error: Sidan /banana hittades inte.
    at <anonymous> (/Users/joseraul/Desktop/F25D/Termin 3/Backend/Symphonic-Orchestra-Rest-API/src/app.ts:25:8)
    at Layer.handleRequest (/Users/joseraul/Desktop/F25D/Termin 3/Backend/Symphonic-Orchestra-Rest-API/node_modules/router/lib/layer.js:152:17)
    at trimPrefix (/Users/joseraul/Desktop/F25D/Termin 3/Backend/Symphonic-Orchestra-Rest-API/node_modules/router/index.js:342:13)
    at /Users/joseraul/Desktop/F25D/Termin 3/Backend/Symphonic-Orchestra-Rest-API/node_modules/router/index.js:297:9
    at processParams (/Users/joseraul/Desktop/F25D/Termin 3/Backend/Symphonic-Orchestra-Rest-API/node_modules/router/index.js:582:12)
    at next (/Users/joseraul/Desktop/F25D/Termin 3/Backend/Symphonic-Orchestra-Rest-API/node_modules/router/index.js:291:5)
    at requestLogger (/Users/joseraul/Desktop/F25D/Termin 3/Backend/Symphonic-Orchestra-Rest-API/src/middleware/requestLogger.ts:41:3)
    at Layer.handleRequest (/Users/joseraul/Desktop/F25D/Termin 3/Backend/Symphonic-Orchestra-Rest-API/node_modules/router/lib/layer.js:152:17)
    at trimPrefix (/Users/joseraul/Desktop/F25D/Termin 3/Backend/Symphonic-Orchestra-Rest-API/node_modules/router/index.js:342:13)
    at /Users/joseraul/Desktop/F25D/Termin 3/Backend/Symphonic-Orchestra-Rest-API/node_modules/router/index.js:297:9
------------------------------------------------------------
[2026-05-11T12:57:29.420Z] GET    404     2ms /banana | IP: ::1
[2026-05-11T12:57:56.123Z] ERROR | STATUS: 400 | CODE: N/a | IP: ::1 | Ogiltigt ID. ID måste vara ett positivt heltal.
STACK: Error: Ogiltigt ID. ID måste vara ett positivt heltal.
    at validateId (/Users/joseraul/Desktop/F25D/Termin 3/Backend/Symphonic-Orchestra-Rest-API/src/middleware/validateId.ts:20:7)
    at Layer.handleRequest (/Users/joseraul/Desktop/F25D/Termin 3/Backend/Symphonic-Orchestra-Rest-API/node_modules/router/lib/layer.js:152:17)
    at next (/Users/joseraul/Desktop/F25D/Termin 3/Backend/Symphonic-Orchestra-Rest-API/node_modules/router/lib/route.js:157:13)
    at Route.dispatch (/Users/joseraul/Desktop/F25D/Termin 3/Backend/Symphonic-Orchestra-Rest-API/node_modules/router/lib/route.js:117:3)
    at handle (/Users/joseraul/Desktop/F25D/Termin 3/Backend/Symphonic-Orchestra-Rest-API/node_modules/router/index.js:435:11)
    at Layer.handleRequest (/Users/joseraul/Desktop/F25D/Termin 3/Backend/Symphonic-Orchestra-Rest-API/node_modules/router/lib/layer.js:152:17)
    at /Users/joseraul/Desktop/F25D/Termin 3/Backend/Symphonic-Orchestra-Rest-API/node_modules/router/index.js:295:15
    at param (/Users/joseraul/Desktop/F25D/Termin 3/Backend/Symphonic-Orchestra-Rest-API/node_modules/router/index.js:600:14)
    at param (/Users/joseraul/Desktop/F25D/Termin 3/Backend/Symphonic-Orchestra-Rest-API/node_modules/router/index.js:610:14)
    at processParams (/Users/joseraul/Desktop/F25D/Termin 3/Backend/Symphonic-Orchestra-Rest-API/node_modules/router/index.js:664:3)
------------------------------------------------------------
[2026-05-11T12:57:56.124Z] GET    400     3ms /api/v1/musicians/abc | IP: ::1
[2026-05-11T12:58:17.975Z] ERROR | STATUS: 401 | CODE: N/a | IP: ::1 | Ogiltig eller saknad API-nyckel.
STACK: Error: Ogiltig eller saknad API-nyckel.
    at apiKeyAuth (/Users/joseraul/Desktop/F25D/Termin 3/Backend/Symphonic-Orchestra-Rest-API/src/middleware/apiKeyAuth.ts:27:17)
    at Layer.handleRequest (/Users/joseraul/Desktop/F25D/Termin 3/Backend/Symphonic-Orchestra-Rest-API/node_modules/router/lib/layer.js:152:17)
    at next (/Users/joseraul/Desktop/F25D/Termin 3/Backend/Symphonic-Orchestra-Rest-API/node_modules/router/lib/route.js:157:13)
    at Route.dispatch (/Users/joseraul/Desktop/F25D/Termin 3/Backend/Symphonic-Orchestra-Rest-API/node_modules/router/lib/route.js:117:3)
    at handle (/Users/joseraul/Desktop/F25D/Termin 3/Backend/Symphonic-Orchestra-Rest-API/node_modules/router/index.js:435:11)
    at Layer.handleRequest (/Users/joseraul/Desktop/F25D/Termin 3/Backend/Symphonic-Orchestra-Rest-API/node_modules/router/lib/layer.js:152:17)
    at /Users/joseraul/Desktop/F25D/Termin 3/Backend/Symphonic-Orchestra-Rest-API/node_modules/router/index.js:295:15
    at processParams (/Users/joseraul/Desktop/F25D/Termin 3/Backend/Symphonic-Orchestra-Rest-API/node_modules/router/index.js:582:12)
    at next (/Users/joseraul/Desktop/F25D/Termin 3/Backend/Symphonic-Orchestra-Rest-API/node_modules/router/index.js:291:5)
    at router.handle (/Users/joseraul/Desktop/F25D/Termin 3/Backend/Symphonic-Orchestra-Rest-API/node_modules/router/index.js:186:3)
------------------------------------------------------------
[2026-05-11T12:58:17.976Z] POST   401     1ms /api/v1/musicians | IP: ::1
[2026-05-11T12:58:37.446Z] ERROR | STATUS: 401 | CODE: N/a | IP: ::1 | Ogiltig eller saknad API-nyckel.
STACK: Error: Ogiltig eller saknad API-nyckel.
    at apiKeyAuth (/Users/joseraul/Desktop/F25D/Termin 3/Backend/Symphonic-Orchestra-Rest-API/src/middleware/apiKeyAuth.ts:27:17)
    at Layer.handleRequest (/Users/joseraul/Desktop/F25D/Termin 3/Backend/Symphonic-Orchestra-Rest-API/node_modules/router/lib/layer.js:152:17)
    at next (/Users/joseraul/Desktop/F25D/Termin 3/Backend/Symphonic-Orchestra-Rest-API/node_modules/router/lib/route.js:157:13)
    at Route.dispatch (/Users/joseraul/Desktop/F25D/Termin 3/Backend/Symphonic-Orchestra-Rest-API/node_modules/router/lib/route.js:117:3)
    at handle (/Users/joseraul/Desktop/F25D/Termin 3/Backend/Symphonic-Orchestra-Rest-API/node_modules/router/index.js:435:11)
    at Layer.handleRequest (/Users/joseraul/Desktop/F25D/Termin 3/Backend/Symphonic-Orchestra-Rest-API/node_modules/router/lib/layer.js:152:17)
    at /Users/joseraul/Desktop/F25D/Termin 3/Backend/Symphonic-Orchestra-Rest-API/node_modules/router/index.js:295:15
    at processParams (/Users/joseraul/Desktop/F25D/Termin 3/Backend/Symphonic-Orchestra-Rest-API/node_modules/router/index.js:582:12)
    at next (/Users/joseraul/Desktop/F25D/Termin 3/Backend/Symphonic-Orchestra-Rest-API/node_modules/router/index.js:291:5)
    at router.handle (/Users/joseraul/Desktop/F25D/Termin 3/Backend/Symphonic-Orchestra-Rest-API/node_modules/router/index.js:186:3)
------------------------------------------------------------
[2026-05-11T12:58:37.447Z] POST   401     1ms /api/v1/musicians | IP: ::1
[2026-05-11T13:00:25.338Z] GET    200     5ms /api/v1/instruments/inventory
[2026-05-11T13:18:12.755Z] ERROR | STATUS: 400 | CODE: N/a | IP: ::1 | Ogiltigt sorteringsfält.
STACK: Error: Ogiltigt sorteringsfält.
    at buildOrderClause (/Users/joseraul/Desktop/F25D/Termin 3/Backend/Symphonic-Orchestra-Rest-API/src/services/instrumentsService.ts:57:11)
    at Object.getInventoryWithOwners (/Users/joseraul/Desktop/F25D/Termin 3/Backend/Symphonic-Orchestra-Rest-API/src/services/instrumentsService.ts:141:34)
    at <anonymous> (/Users/joseraul/Desktop/F25D/Termin 3/Backend/Symphonic-Orchestra-Rest-API/src/controllers/instrumentsController.ts:52:41)
    at <anonymous> (/Users/joseraul/Desktop/F25D/Termin 3/Backend/Symphonic-Orchestra-Rest-API/src/utils/asyncHandler.ts:22:21)
    at Layer.handleRequest (/Users/joseraul/Desktop/F25D/Termin 3/Backend/Symphonic-Orchestra-Rest-API/node_modules/router/lib/layer.js:152:17)
    at next (/Users/joseraul/Desktop/F25D/Termin 3/Backend/Symphonic-Orchestra-Rest-API/node_modules/router/lib/route.js:157:13)
    at Route.dispatch (/Users/joseraul/Desktop/F25D/Termin 3/Backend/Symphonic-Orchestra-Rest-API/node_modules/router/lib/route.js:117:3)
    at handle (/Users/joseraul/Desktop/F25D/Termin 3/Backend/Symphonic-Orchestra-Rest-API/node_modules/router/index.js:435:11)
    at Layer.handleRequest (/Users/joseraul/Desktop/F25D/Termin 3/Backend/Symphonic-Orchestra-Rest-API/node_modules/router/lib/layer.js:152:17)
    at /Users/joseraul/Desktop/F25D/Termin 3/Backend/Symphonic-Orchestra-Rest-API/node_modules/router/index.js:295:15
------------------------------------------------------------
[2026-05-11T13:18:12.762Z] GET    400     9ms /api/v1/instruments/inventory?owner_type=Musician | IP: ::1
[2026-05-11T13:18:32.827Z] ERROR | STATUS: 400 | CODE: N/a | IP: ::1 | Ogiltigt sorteringsfält.
STACK: Error: Ogiltigt sorteringsfält.
    at buildOrderClause (/Users/joseraul/Desktop/F25D/Termin 3/Backend/Symphonic-Orchestra-Rest-API/src/services/instrumentsService.ts:57:11)
    at Object.getInventoryWithOwners (/Users/joseraul/Desktop/F25D/Termin 3/Backend/Symphonic-Orchestra-Rest-API/src/services/instrumentsService.ts:141:34)
    at <anonymous> (/Users/joseraul/Desktop/F25D/Termin 3/Backend/Symphonic-Orchestra-Rest-API/src/controllers/instrumentsController.ts:52:41)
    at <anonymous> (/Users/joseraul/Desktop/F25D/Termin 3/Backend/Symphonic-Orchestra-Rest-API/src/utils/asyncHandler.ts:22:21)
    at Layer.handleRequest (/Users/joseraul/Desktop/F25D/Termin 3/Backend/Symphonic-Orchestra-Rest-API/node_modules/router/lib/layer.js:152:17)
    at next (/Users/joseraul/Desktop/F25D/Termin 3/Backend/Symphonic-Orchestra-Rest-API/node_modules/router/lib/route.js:157:13)
    at Route.dispatch (/Users/joseraul/Desktop/F25D/Termin 3/Backend/Symphonic-Orchestra-Rest-API/node_modules/router/lib/route.js:117:3)
    at handle (/Users/joseraul/Desktop/F25D/Termin 3/Backend/Symphonic-Orchestra-Rest-API/node_modules/router/index.js:435:11)
    at Layer.handleRequest (/Users/joseraul/Desktop/F25D/Termin 3/Backend/Symphonic-Orchestra-Rest-API/node_modules/router/lib/layer.js:152:17)
    at /Users/joseraul/Desktop/F25D/Termin 3/Backend/Symphonic-Orchestra-Rest-API/node_modules/router/index.js:295:15
------------------------------------------------------------
[2026-05-11T13:18:32.828Z] GET    400     2ms /api/v1/instruments/inventory?sortBy=brand&order=ASC | IP: ::1
[2026-05-11T13:20:56.308Z] GET    200    15ms /api/v1/instruments/inventory?owner_type=Rent
[2026-05-11T13:21:02.215Z] GET    200     4ms /api/v1/instruments/inventory?owner_type=Rent
[2026-05-11T13:21:47.091Z] GET    200     3ms /api/v1/instruments/inventory?owner_type=Rent
[2026-05-11T13:21:53.137Z] GET    200     4ms /api/v1/instruments/inventory?owner_type=Rent
[2026-05-11T13:22:04.389Z] GET    200     3ms /api/v1/instruments/inventory?owner_type=Musician
[2026-05-11T13:22:14.058Z] GET    200     8ms /api/v1/instruments/inventory?sortBy=estimated_value&order=DESC
[2026-05-11T13:22:33.304Z] GET    200     7ms /api/v1/instruments/inventory?sortBy=value&order=DESC
[2026-05-11T13:22:59.958Z] GET    200     3ms /api/v1/instruments/inventory?owner_type=Musician?sortBy=value&order=DESC
[2026-05-11T13:23:17.610Z] GET    200     3ms /api/v1/instruments/inventory?owner_type=Musician&sortBy=value&order=DESC
[2026-05-11T13:23:34.262Z] GET    200     4ms /api/v1/instruments/inventory?owner_type=Musician&sortBy=value
[2026-05-11T13:23:53.128Z] GET    200     3ms /api/v1/instruments/inventory?owner_type=Musician&sortBy=value
[2026-05-11T13:23:57.488Z] GET    200     4ms /api/v1/instruments/inventory?owner_type=Musician&sortBy=value
[2026-05-11T13:25:08.613Z] GET    200     4ms /api/v1/instruments/inventory?owner_type=Musician&sortBy=value
[2026-05-11T13:25:38.677Z] GET    200     3ms /api/v1/instruments/inventory?owner_type=Musician&sortBy=value&order=DESC
[2026-05-11T13:25:46.630Z] GET    200     3ms /api/v1/instruments/inventory?owner_type=Musician&sortBy=value&order=DESC
[2026-05-11T13:25:50.949Z] GET    200     3ms /api/v1/instruments/inventory?owner_type=Musician&sortBy=value&order=DESC
[2026-05-11T13:26:25.496Z] GET    200     3ms /api/v1/instruments/inventory?owner_type=Musician&sortBy=value&order=DESC
[2026-05-11T13:26:42.203Z] GET    200     3ms /api/v1/instruments/inventory?owner_type=Musician&sortBy=value&order=DESC
[2026-05-11T13:30:14.964Z] GET    200     1ms /health
[2026-05-11T13:30:23.405Z] GET    200     1ms /health
[2026-05-11T13:30:32.661Z] GET    200     0ms /health
[2026-05-11T13:31:35.904Z] GET    200    26ms /health
[2026-05-11T13:37:14.529Z] GET    200     2ms /health
[2026-05-11T13:37:33.508Z] GET    200     6ms /health
[2026-05-11T13:37:51.535Z] GET    200     7ms /health
